[INFO  Wed 29 Apr 2026 09:15:25 PM EDT] ...zy/mason.nvim/lua/mason-core/installer/InstallRunner.lua:40: Executing installer for Package(name=tree-sitter-cli) {
  debug = false,
  force = false,
  strict = false
}
[INFO  Wed 29 Apr 2026 09:15:25 PM EDT] ...zy/mason.nvim/lua/mason-core/installer/InstallRunner.lua:40: Executing installer for Package(name=stylua) {
  debug = false,
  force = false,
  strict = false
}
[INFO  Wed 29 Apr 2026 09:15:25 PM EDT] ...zy/mason.nvim/lua/mason-core/installer/InstallRunner.lua:40: Executing installer for Package(name=shfmt) {
  debug = false,
  force = false,
  strict = false
}
[INFO  Wed 29 Apr 2026 09:15:25 PM EDT] ...zy/mason.nvim/lua/mason-core/installer/InstallRunner.lua:40: Executing installer for Package(name=shellcheck) {
  debug = false,
  force = false,
  strict = false
}
[INFO  Wed 29 Apr 2026 09:15:26 PM EDT] ...zy/mason.nvim/lua/mason-core/installer/InstallRunner.lua:86: Installation succeeded for Package(name=shfmt)
[INFO  Wed 29 Apr 2026 09:15:26 PM EDT] ...zy/mason.nvim/lua/mason-core/installer/InstallRunner.lua:86: Installation succeeded for Package(name=stylua)
[INFO  Wed 29 Apr 2026 09:15:26 PM EDT] ...zy/mason.nvim/lua/mason-core/installer/InstallRunner.lua:86: Installation succeeded for Package(name=shellcheck)
[INFO  Wed 29 Apr 2026 09:15:26 PM EDT] ...zy/mason.nvim/lua/mason-core/installer/InstallRunner.lua:86: Installation succeeded for Package(name=tree-sitter-cli)
